                        time  no_of_cores  ...  cpu_3_temp  cpu_4_temp
0 2025-02-06 21:26:01.411655            8  ...          55          55

[1 rows x 15 columns]
    value         tag1
0     8.0  no_of_cores
1    48.2          RAM
2     8.8  cpu_1_usage
3     7.9  cpu_2_usage
4    10.3  cpu_3_usage
5     2.8  cpu_4_usage
6     1.9  cpu_5_usage
7     3.7  cpu_6_usage
8     3.4  cpu_7_usage
9     4.4  cpu_8_usage
10   55.0   cpu_1_temp
11   55.0   cpu_2_temp
12   55.0   cpu_3_temp
13   55.0   cpu_4_temp
                        time  no_of_cores  ...  cpu_3_temp  cpu_4_temp
0 2025-02-06 21:28:01.866765            8  ...          46          46

[1 rows x 15 columns]
    value         tag1
0     8.0  no_of_cores
1    49.4          RAM
2     2.3  cpu_1_usage
3     6.7  cpu_2_usage
4     4.3  cpu_3_usage
5     4.2  cpu_4_usage
6     3.5  cpu_5_usage
7     6.2  cpu_6_usage
8     9.8  cpu_7_usage
9     6.1  cpu_8_usage
10   46.0   cpu_1_temp
11   46.0   cpu_2_temp
12   46.0   cpu_3_temp
13   46.0   cpu_4_temp
